// Jest Snapshot v1, https://goo.gl/fbAQLP

exports[`Counter render 1`] = `
<div>
  <p class="even">
    Counter: 0
  </p>
  <button>+1</button>
  <button>-1</button>
</div>
`;
